version https://git-lfs.github.com/spec/v1
oid sha256:1349d9795d954c6a9f16e617a0eec16781e24f6bd213f9ab885df955c5d87348
size 1931
